# Copyright (c) 2026 Huawei Device Co., Ltd.
# Licensed under the Apache License, Version 2.0 (the "License");
# you may not use this file except in compliance with the License.
# You may obtain a copy of the License at
#
#     http://www.apache.org/licenses/LICENSE-2.0
#
# Unless required by applicable law or agreed to in writing, software
# distributed under the License is distributed on an "AS IS" BASIS,
# WITHOUT WARRANTIES OR CONDITIONS OF ANY KIND, either express or implied.
# See the License for the specific language governing permissions and
# limitations under the License.

{
  global:
    _R*asset*;
    asset_error_shorten_func_name;
    asset_error_new;
    asset_error_track_internal;
    asset_sdk_manager_build;
    asset_sdk_manager_add;
    asset_sdk_manager_batch_add;
    asset_sdk_manager_remove;
    asset_sdk_manager_batch_remove;
    asset_sdk_manager_batch_update;
    asset_sdk_manager_update;
    asset_sdk_manager_pre_query;
    asset_sdk_manager_query;
    asset_sdk_manager_post_query;
    asset_sdk_manager_query_sync_result;
    rust_metadata_asset_sdk_*;
  local:
    *;
};
